BEGIN:VCALENDAR
VERSION:2.0
PRODID:-//Apple Inc.//Mac OS X 10.9.5//EN
CALSCALE:GREGORIAN
BEGIN:VEVENT
TRANSP:TRANSPARENT
DTSTART;TZID=Europe/Vienna:20160928T160000
DTEND;TZID=Europe/Vienna:20160928T170000
UID:2e531c37-0862-491b-ae16-111de073740c
DTSTAMP:20150928T132434Z
CREATED:20150928T125212Z
DESCRIPTION:Remember the yep.
CONFERENCE;X-JMAP-ID=loc1;FEATURE=PHONE,MODERATOR;LABEL="Moderator dial-in"
 ;VALUE=URI:tel:+123451
CONFERENCE;X-JMAP-ID=loc2;FEATURE=CHAT;LABEL="Chat room";VALUE=URI:xmpp:cha
 t123@conference.example.com
CONFERENCE;X-JMAP-ID=loc3;LABEL="Bad Feature 1";FEATURE="VIDEO,AUDIO,CHAT";
 VALUE=URI:https://example.com
CONFERENCE;X-JMAP-ID=loc4;LABEL="Bad Feature 2";FEATURE=X-FOO;VALUE=URI:htt
 ps://example.com
CONFERENCE;X-JMAP-ID=loc5;LABEL="Bad Feature 3";FEATURE=AUDIO,FOO,VIDEO;
 VALUE=URI:https://example.com
SEQUENCE:9
SUMMARY;LANGUAGE=en:Yep
LAST-MODIFIED:20150928T132434Z
END:VEVENT
END:VCALENDAR

