BEGIN:VCALENDAR
PRODID:-//Mozilla.org/NONSGML Mozilla Calendar V1.1//EN
VERSION:2.0
BEGIN:VTIMEZONE
TZID:Europe/Berlin
X-TZINFO:Europe/Berlin[2024a]
BEGIN:STANDARD
TZOFFSETTO:+0100
TZOFFSETFROM:+0053
TZNAME:Europe/Berlin(STD)
DTSTART:18930401T000000
RDATE:18930401T000000
END:STANDARD
END:VTIMEZONE
BEGIN:VEVENT
CREATED:20240929T120640Z
LAST-MODIFIED:20240929T120731Z
DTSTAMP:20240929T120731Z
UID:d23cef0d-9e58-43c4-9391-5ad8483ca346
SUMMARY:Test Event
DTSTART;TZID=Europe/Berlin:20240929T144500
DTEND;TZID=Europe/Berlin:20240929T154500
TRANSP:OPAQUE
LOCATION:Github
DESCRIPTION;ALTREP="data:text/html;base64,SSB3YW50IGEgY3VzdG9tIGxpbmtvdXQgZ
 m9yIFRodW5kZXJiaXJkLjxicj5UaGlzIGlzIHRoZSBHaXRodWIgPGEgaHJlZj0iaHR0cHM6Ly9
 naXRodWIuY29tL2FycmFuNC9nb2xhbmctaWNhbC9pc3N1ZXMvOTciPklzc3VlPC9hPi4=":I w
 ant a custom linkout for Thunderbird.\nThis is the Github Issue.
END:VEVENT
END:VCALENDAR

