BEGIN:VCALENDAR
VERSION:2.0
PRODID:-//sebbo.net//ical-generator.tests//EN
METHOD:PUBLISH
BEGIN:VEVENT
UID:123
SEQUENCE:0
DTSTAMP:20131004T233453Z
DTSTART;VALUE=DATE:20131004
X-MICROSOFT-CDO-ALLDAYEVENT:TRUE
X-MICROSOFT-MSNCALENDAR-ALLDAYEVENT:TRUE
SUMMARY:Sample Event
ORGANIZER;CN="Sebastian Pekarek":mailto:mail@sebbo.net
ATTENDEE;ROLE=REQ-PARTICIPANT;PARTSTAT=ACCEPTED;DELEGATED-FROM="matt@exampl
 e.com";CN=John:MAILTO:john@example.com
ATTENDEE;ROLE=REQ-PARTICIPANT;PARTSTAT=DELEGATED;DELEGATED-TO="john@example
 .com";CN="Smith, Matt; (^'Sales^')";SCHEDULE-AGENT=CLIENT:MAILTO:matt@exam
 ple.com
URL;VALUE=URI:http://sebbo.net/
STATUS:CONFIRMED
END:VEVENT
END:VCALENDAR

