BEGIN:VCALENDAR
BEGIN:VEVENT
UID:uri-event
IMAGE;DISPLAY=BADGE;FMTTYPE=image/png;VALUE=URI:http://example.com/images/p
 arty.png
END:VEVENT
BEGIN:VTODO
UID:uri-todo
IMAGE;DISPLAY=BADGE;VALUE=URI:http://example.com/images/party.jpg
END:VTODO
BEGIN:VJOURNAL
UID:uri-journal
IMAGE;DISPLAY=ICON;FMTTYPE=image/jpg;VALUE=URI:http://example.com/images/pa
 rty.jpg
END:VJOURNAL
BEGIN:VEVENT
UID:data-event
IMAGE;ENCODING=BASE64;FMTTYPE=image/png;VALUE=BINARY:iVBORw0KGgoAAAANSUhEUg
 AAAAEAAAABCAYAAAAfFcSJAAAACXBIWXMAAAAnAAAAJwEqCZFPAAAAGXRFWHRTb2Z0d2FyZQB3
 d3cuaW5rc2NhcGUub3Jnm+48GgAAAA1JREFUCJlj+P//PwMACPwC/oXNqzQAAAAASUVORK5CYI
 I=
END:VEVENT
BEGIN:VTODO
UID:data-todo
IMAGE;ENCODING=BASE64;FMTTYPE=image/png;ALTREP="http://example.com/images/p
 arty.jpg";VALUE=BINARY:iVBORw0KGgoAAAANSUhEUgAAAAEAAAABCAYAAAAfFcSJAAAACXB
 IWXMAAAAnAAAAJwEqCZFPAAAAGXRFWHRTb2Z0d2FyZQB3d3cuaW5rc2NhcGUub3Jnm+48GgAAA
 A1JREFUCJlj+P//PwMACPwC/oXNqzQAAAAASUVORK5CYII=
END:VTODO
BEGIN:VJOURNAL
UID:data-journal
IMAGE;ENCODING=BASE64;FMTTYPE=image/png;DISPLAY=BADGE;VALUE=BINARY:iVBORw0K
 GgoAAAANSUhEUgAAAAEAAAABCAYAAAAfFcSJAAAACXBIWXMAAAAnAAAAJwEqCZFPAAAAGXRFWH
 RTb2Z0d2FyZQB3d3cuaW5rc2NhcGUub3Jnm+48GgAAAA1JREFUCJlj+P//PwMACPwC/oXNqzQA
 AAAASUVORK5CYII=
END:VJOURNAL
END:VCALENDAR

