BEGIN:VCALENDAR
PRODID:-//Mozilla.org/NONSGML Mozilla Calendar V1.1//EN
VERSION:2.0
BEGIN:VTIMEZONE
TZID:America/Los_Angeles
X-TZINFO:America/Los_Angeles[2024a]
BEGIN:STANDARD
TZOFFSETTO:-0800
TZOFFSETFROM:-0752
TZNAME:America/Los_Angeles(STD)
DTSTART:18831118T120702
RDATE:18831118T120702
END:STANDARD
BEGIN:DAYLIGHT
TZOFFSETTO:-0700
TZOFFSETFROM:-0800
TZNAME:America/Los_Angeles(DST)
DTSTART:19180331T020000
RRULE:FREQ=YEARLY;UNTIL=19190330T020000;BYDAY=-1SU;BYMONTH=3
END:DAYLIGHT
BEGIN:STANDARD
TZOFFSETTO:-0800
TZOFFSETFROM:-0700
TZNAME:America/Los_Angeles(STD)
DTSTART:19181027T020000
RRULE:FREQ=YEARLY;UNTIL=19191026T020000;BYDAY=-1SU;BYMONTH=10
END:STANDARD
BEGIN:DAYLIGHT
TZOFFSETTO:-0700
TZOFFSETFROM:-0800
TZNAME:America/Los_Angeles(DST)
DTSTART:19420209T020000
RDATE:19420209T020000
END:DAYLIGHT
BEGIN:STANDARD
TZOFFSETTO:-0800
TZOFFSETFROM:-0700
TZNAME:America/Los_Angeles(STD)
DTSTART:19450930T020000
RDATE:19450930T020000
END:STANDARD
BEGIN:DAYLIGHT
TZOFFSETTO:-0700
TZOFFSETFROM:-0800
TZNAME:America/Los_Angeles(DST)
DTSTART:19480314T020100
RDATE:19480314T020100
END:DAYLIGHT
BEGIN:STANDARD
TZOFFSETTO:-0800
TZOFFSETFROM:-0700
TZNAME:America/Los_Angeles(STD)
DTSTART:19490101T020000
RDATE:19490101T020000
END:STANDARD
BEGIN:STANDARD
TZOFFSETTO:-0800
TZOFFSETFROM:-0700
TZNAME:America/Los_Angeles(STD)
DTSTART:19500924T020000
RRULE:FREQ=YEARLY;UNTIL=19610924T020000;BYDAY=-1SU;BYMONTH=9
END:STANDARD
BEGIN:DAYLIGHT
TZOFFSETTO:-0700
TZOFFSETFROM:-0800
TZNAME:America/Los_Angeles(DST)
DTSTART:19500430T010000
RRULE:FREQ=YEARLY;UNTIL=19660424T010000;BYDAY=-1SU;BYMONTH=4
END:DAYLIGHT
BEGIN:DAYLIGHT
TZOFFSETTO:-0700
TZOFFSETFROM:-0800
TZNAME:America/Los_Angeles(DST)
DTSTART:19670430T020000
RRULE:FREQ=YEARLY;UNTIL=19730429T020000;BYDAY=-1SU;BYMONTH=4
END:DAYLIGHT
BEGIN:DAYLIGHT
TZOFFSETTO:-0700
TZOFFSETFROM:-0800
TZNAME:America/Los_Angeles(DST)
DTSTART:19740106T020000
RDATE:19740106T020000
END:DAYLIGHT
BEGIN:DAYLIGHT
TZOFFSETTO:-0700
TZOFFSETFROM:-0800
TZNAME:America/Los_Angeles(DST)
DTSTART:19750223T020000
RDATE:19750223T020000
END:DAYLIGHT
BEGIN:DAYLIGHT
TZOFFSETTO:-0700
TZOFFSETFROM:-0800
TZNAME:America/Los_Angeles(DST)
DTSTART:19760425T020000
RRULE:FREQ=YEARLY;UNTIL=19860427T020000;BYDAY=-1SU;BYMONTH=4
END:DAYLIGHT
BEGIN:DAYLIGHT
TZOFFSETTO:-0700
TZOFFSETFROM:-0800
TZNAME:America/Los_Angeles(DST)
DTSTART:19870405T020000
RRULE:FREQ=YEARLY;UNTIL=20060402T020000;BYDAY=1SU;BYMONTH=4
END:DAYLIGHT
BEGIN:STANDARD
TZOFFSETTO:-0800
TZOFFSETFROM:-0700
TZNAME:America/Los_Angeles(STD)
DTSTART:19621028T020000
RRULE:FREQ=YEARLY;UNTIL=20061029T020000;BYDAY=-1SU;BYMONTH=10
END:STANDARD
BEGIN:DAYLIGHT
TZOFFSETTO:-0700
TZOFFSETFROM:-0800
TZNAME:America/Los_Angeles(DST)
DTSTART:20070311T020000
RDATE:20070311T020000
END:DAYLIGHT
BEGIN:STANDARD
TZOFFSETTO:-0800
TZOFFSETFROM:-0700
TZNAME:America/Los_Angeles(STD)
DTSTART:20071104T020000
RDATE:20071104T020000
END:STANDARD
BEGIN:DAYLIGHT
TZOFFSETTO:-0700
TZOFFSETFROM:-0800
TZNAME:(DST)
DTSTART:20080309T020000
RRULE:FREQ=YEARLY;BYDAY=2SU;BYMONTH=3
END:DAYLIGHT
BEGIN:STANDARD
TZOFFSETTO:-0800
TZOFFSETFROM:-0700
TZNAME:(STD)
DTSTART:20081102T020000
RRULE:FREQ=YEARLY;BYDAY=1SU;BYMONTH=11
END:STANDARD
END:VTIMEZONE
BEGIN:VEVENT
CREATED:20241002T121035Z
LAST-MODIFIED:20241002T121131Z
DTSTAMP:20241002T121131Z
UID:a6b8cf4d-b7fa-4939-a039-003db08bf7a7
SUMMARY:event
DTSTART;TZID=America/Los_Angeles:20241004T030000
DTEND;TZID=America/Los_Angeles:20241004T040000
TRANSP:OPAQUE
X-MOZ-GENERATION:2
DESCRIPTION;ALTREP="data:text/html;base64,YWxhcm0gYXQgc3RhcnQgb2YgZXZlbnQ="
 :alarm at start of event
SEQUENCE:1
BEGIN:VALARM
ACTION:DISPLAY
TRIGGER:PT0S
DESCRIPTION:Mozilla Standardbeschreibung
END:VALARM
END:VEVENT
END:VCALENDAR

