BEGIN:VCALENDAR
PRODID:-//citadel.org//NONSGML Citadel calendar//EN
VERSION:2.0
BEGIN:VTIMEZONE
TZID:/citadel.org/20260108_1/America/Goose_Bay
LAST-MODIFIED:20260108T152803Z
X-LIC-LOCATION:America/Goose_Bay
X-PROLEPTIC-TZNAME:LMT
BEGIN:STANDARD
TZNAME:NST
TZOFFSETFROM:-0401
TZOFFSETTO:-0330
DTSTART:18840101T000000
END:STANDARD
BEGIN:DAYLIGHT
TZNAME:NDT
TZOFFSETFROM:-0330
TZOFFSETTO:-0230
DTSTART:19180414T020000
END:DAYLIGHT
BEGIN:STANDARD
TZNAME:NST
TZOFFSETFROM:-0230
TZOFFSETTO:-0330
DTSTART:19181027T020000
END:STANDARD
BEGIN:STANDARD
TZNAME:NST
TZOFFSETFROM:-0330
TZOFFSETTO:-0330
DTSTART:19350330T000000
END:STANDARD
BEGIN:DAYLIGHT
TZNAME:NDT
TZOFFSETFROM:-0330
TZOFFSETTO:-0230
DTSTART:19360511T000000
RRULE:FREQ=YEARLY;UNTIL=19410512T033000Z;BYDAY=MO;BYMONTHDAY=9,10,11,12,13,
 14,15;BYMONTH=5
END:DAYLIGHT
BEGIN:STANDARD
TZNAME:NST
TZOFFSETFROM:-0230
TZOFFSETTO:-0330
DTSTART:19361005T000000
RRULE:FREQ=YEARLY;UNTIL=19411006T023000Z;BYDAY=MO;BYMONTHDAY=2,3,4,5,6,7,8;
 BYMONTH=10
END:STANDARD
BEGIN:DAYLIGHT
TZNAME:NWT
TZOFFSETFROM:-0330
TZOFFSETTO:-0230
DTSTART:19420511T000000
END:DAYLIGHT
BEGIN:DAYLIGHT
TZNAME:NPT
TZOFFSETFROM:-0230
TZOFFSETTO:-0230
DTSTART:19450814T203000
END:DAYLIGHT
BEGIN:STANDARD
TZNAME:NST
TZOFFSETFROM:-0230
TZOFFSETTO:-0330
DTSTART:19450930T020000
END:STANDARD
BEGIN:DAYLIGHT
TZNAME:NDT
TZOFFSETFROM:-0330
TZOFFSETTO:-0230
DTSTART:19460512T020000
RRULE:FREQ=YEARLY;UNTIL=19500514T053000Z;BYDAY=2SU;BYMONTH=5
END:DAYLIGHT
BEGIN:STANDARD
TZNAME:NST
TZOFFSETFROM:-0230
TZOFFSETTO:-0330
DTSTART:19461006T020000
RRULE:FREQ=YEARLY;UNTIL=19501008T043000Z;BYDAY=SU;BYMONTHDAY=2,3,4,5,6,7,8;
 BYMONTH=10
END:STANDARD
BEGIN:DAYLIGHT
TZNAME:NDT
TZOFFSETFROM:-0330
TZOFFSETTO:-0230
DTSTART:19510429T020000
RRULE:FREQ=YEARLY;UNTIL=19650425T053000Z;BYDAY=-1SU;BYMONTH=4
END:DAYLIGHT
BEGIN:STANDARD
TZNAME:NST
TZOFFSETFROM:-0230
TZOFFSETTO:-0330
DTSTART:19510930T020000
RRULE:FREQ=YEARLY;UNTIL=19590927T043000Z;BYDAY=-1SU;BYMONTH=9
END:STANDARD
BEGIN:STANDARD
TZNAME:NST
TZOFFSETFROM:-0230
TZOFFSETTO:-0330
DTSTART:19601030T020000
RRULE:FREQ=YEARLY;UNTIL=19651031T043000Z;BYDAY=-1SU;BYMONTH=10
END:STANDARD
BEGIN:STANDARD
TZNAME:AST
TZOFFSETFROM:-0330
TZOFFSETTO:-0400
DTSTART:19660315T020000
END:STANDARD
BEGIN:DAYLIGHT
TZNAME:ADT
TZOFFSETFROM:-0400
TZOFFSETTO:-0300
DTSTART:19660424T020000
RRULE:FREQ=YEARLY;UNTIL=19860427T060000Z;BYDAY=-1SU;BYMONTH=4
END:DAYLIGHT
BEGIN:STANDARD
TZNAME:AST
TZOFFSETFROM:-0300
TZOFFSETTO:-0400
DTSTART:19661030T020000
RRULE:FREQ=YEARLY;UNTIL=19861026T050000Z;BYDAY=-1SU;BYMONTH=10
END:STANDARD
BEGIN:DAYLIGHT
TZNAME:ADT
TZOFFSETFROM:-0400
TZOFFSETTO:-0300
DTSTART:19870405T000100
END:DAYLIGHT
BEGIN:STANDARD
TZNAME:AST
TZOFFSETFROM:-0300
TZOFFSETTO:-0400
DTSTART:19871025T000100
END:STANDARD
BEGIN:DAYLIGHT
TZNAME:ADDT
TZOFFSETFROM:-0400
TZOFFSETTO:-0200
DTSTART:19880403T000100
END:DAYLIGHT
BEGIN:STANDARD
TZNAME:AST
TZOFFSETFROM:-0200
TZOFFSETTO:-0400
DTSTART:19881030T000100
END:STANDARD
BEGIN:DAYLIGHT
TZNAME:ADT
TZOFFSETFROM:-0400
TZOFFSETTO:-0300
DTSTART:19890402T000100
RRULE:FREQ=YEARLY;UNTIL=20060402T040100Z;BYDAY=1SU;BYMONTH=4
END:DAYLIGHT
BEGIN:STANDARD
TZNAME:AST
TZOFFSETFROM:-0300
TZOFFSETTO:-0400
DTSTART:19891029T000100
RRULE:FREQ=YEARLY;UNTIL=20061029T030100Z;BYDAY=-1SU;BYMONTH=10
END:STANDARD
BEGIN:DAYLIGHT
TZNAME:ADT
TZOFFSETFROM:-0400
TZOFFSETTO:-0300
DTSTART:20070311T000100
RRULE:FREQ=YEARLY;UNTIL=20110313T040100Z;BYDAY=2SU;BYMONTH=3
END:DAYLIGHT
BEGIN:STANDARD
TZNAME:AST
TZOFFSETFROM:-0300
TZOFFSETTO:-0400
DTSTART:20071104T000100
RRULE:FREQ=YEARLY;UNTIL=20101107T030100Z;BYDAY=1SU;BYMONTH=11
END:STANDARD
BEGIN:STANDARD
TZNAME:AST
TZOFFSETFROM:-0300
TZOFFSETTO:-0400
DTSTART:20111106T020000
RRULE:FREQ=YEARLY;BYDAY=1SU;BYMONTH=11
END:STANDARD
BEGIN:DAYLIGHT
TZNAME:ADT
TZOFFSETFROM:-0400
TZOFFSETTO:-0300
DTSTART:20120311T020000
RRULE:FREQ=YEARLY;BYDAY=2SU;BYMONTH=3
END:DAYLIGHT
END:VTIMEZONE
END:VCALENDAR

