BEGIN:VCALENDAR
ACTION:AUDIO
ACTION:
ACTION:~!@#$%^&*()_+}{:"<>?/.\,
ATTACH:ftp://ftp.example.com/~pub%eof/ed/minutes100197.txt
ATTACH:http://www.dukes.com/
ATTENDEE:MAILTO:john_doe@host.com
ATTENDEE:\;john_public@host2.com
ATTENDEE:MAILTO:john_public@host2.com
ATTENDEE:Mailto:B@example.com
ATTENDEE;PARTSTAT=ACCEPTED,DECLINED:Mailto:B@example.com
ATTENDEE;PARTSTAT=*&^*&:Mailto:B@example.com
ATTENDEE;ROLE=CHAIR:Mailto:A@example.com
ATTENDEE;ROLE=ATTENDEE:Mailto:A@example.com
ATTENDEE;ROLE=CHAIR;RSVP=TRUE:Mailto:A@example.com
ATTENDEE;ROLE=NONPARTICIPANT;RSVP=NO:Mailto:E@example.com
ATTENDEE;ROLE=NON-PARTICIPANT;RSVP=FALSE:Mailto:E@example.com
ATTENDEE;RSVP=FALSE;CUTYPE=ROOM:conf_Big@example.com
ATTENDEE;RSVP=TRUE;CUTYPE=INDIVIDUAL:Mailto:Bbbbbbbbbbbbbbbbbbbbbbbbbbbbbbb
 bbbbbbbbbbbbbbbbbbbbbbbbbbbbbbbbbbbbbbbbbbbbbbbbbbbbbbbbbbbbbbbbbbbbbbbbbb
 bbbbbbbbbbbbbbbbbbbbbbbbbbbbbbbbbbbbbbbbbbbbbbbbbbbbbbbbbbbbbbbbbbbbbbbbbb
 bbbbbbbbbbbbbbbbbbbbbbbbbbbbbbbbbbbbbbbbbbbbbbbbbbbbbbbbbbbbbbbbbbbbbbbbbb
 bbbbbbbbbbbbbbbbbbbbbbbbbbbbbbbbbbbbbbbbbbbbbbbbbbbbbbbbbbbbbbbbbbbbbbbbbb
 bbbbbbbbbbbbbbbbbbbbbbbbbbbbbbbbbbbbbbbbb@example.com
CATEGORIES:ANNIVERSARY,PERSONAL,SPECIAL OCCASION\;ANNIVERSARY,PERSONAL,SPEC
 IAL OCCASION\;ANNIVERSARY,PERSONAL,SPECIAL OCCASION\;
CATEGORIES;RSVP=TRUE,FALSE:one,two
CLASS:PUBLIC
COMMENT:DELEGATE (ATTENDEE Mailto:E@example.com) DECLINED YOURDUKES forfeit
  the gameI'll send you my input by e-mailMay we bump this by an hour? I ha
 ve a conflictMr. B cannot attend. It's raining. Lets cancel.
Sorry:
Sorry:
COMMENT:This time works much better and I think the big conference
COMMENT:You're off the hook for this meeting
CREATED:19980309T130000Z
CREATED:19980309T130000
CREATED:19980309T130000
CREATED:19980309T130000
CREATED:19980309T130000
CREATED:19980309T130000
CREATED:19980309T010000
CREATED;VALUE=DATE:19980309
CREATED;VALUE=DATE:19980309
CREATED;VALUE=DATE:19980300
CREATED:199803
CREATED:19980
CREATED:1998
CREATED:199
CREATED:19
CREATED:1
CREATED:
DTSTAMP;VALUE=DATE:99999909
DTSTART:T103012
DTSTART;VALUE=DATE:19970317
DTSTART;VALUE=TIME:199707
DUE:19980415T235959
DUE:19980415T235959
DURATION:P15DT5H20S
DURATION:P8W
DURATION:PT15M
DURATION:PT1H
FREEBUSY:19970701T090000Z/PT1H,19970701T140000Z/PT30M,19980101T180000Z/1998
 0101T190000Z,19980103T020000Z/19980103T050000Z,19980107T020000Z/19980107T0
 50000Z
FREEBUSY:19980318T030000Z/19980318T040000Z
FREEBUSY:19980318T030000Z/19980318T040000
FREEBUSY;VALUE=PERIOD:19971015T050000Z/PT8H30M,
LOCATION;VALUE=URI:http://www.midwaystadium.com/
METHOD:ADD
METHOD:DESTROY
METHOD:xyz
METHOD:X-LIC-METHOD
PERCENT-COMPLETE:40
PERCENT-COMPLETE:.75
PERCENT-COMPLETE:0
PRIORITY:1
PRIORITY:2
PRIORITY:134645983456666098345624598726459872445897345987
PRODID:"-//RDU Software//NONSGML HandCal//EN"
PRODID:'-//ABC Corporation//NONSGML '
PRODID:-//ABC Corporation\;foo//NONSGML My Product//EN
RDATE:19970406T020000
RDATE:19971026T020000
RDATE:19980304T180000Z
RDATE:19980304T180000Z
RDATE:19980311T160000Z
RDATE:19980311T180000Z
RDATE:19980315T180000Z
RDATE:19980318T180000Z
RDATE:19981025T020000
RDATE:19981025T020000
RDATE:19990404T020000
RDATE:19990404T020000
RDATE;VALUE=PERIOD:19970819T210000Z/199700819T220000Z
RECURRENCE-ID:19970701T210000Z
RECURRENCE-ID:19970715T210000Z
RECURRENCE-ID:19970801T210000Z
RECURRENCE-ID:19970809T210000Z
RECURRENCE-ID:19980101T170000Z
RECURRENCE-ID:19980311T160000Z
RECURRENCE-ID:19980311T180000Z
RECURRENCE-ID;RANGE=THISANDFUTURE:19970901T210000Z
RELATED-TO:0981234-1234234-14@example.com
RELATED-TO:0981234-1234234-2402-35@example.com
REPEAT:2
REPEAT:23
REPEAT:4
REPEAT:4
REPEAT:4
REQUEST-STATUS:2.0;Success
REQUEST-STATUS:2.0;Success
REQUEST-STATUS:2.0;Success
REQUEST-STATUS:2.0;Success
REQUEST-STATUS:2.0;Success
REQUEST-STATUS:2.8;Repeating event ignored. Scheduled as a single
REQUEST-STATUS:3.0;Invalid Property Name;FOO
RESOURCES:SCOREBOARD
RRULE:FREQ=MONTHLY;BYMONTHDAY=1
RRULE:FREQ=MONTHLY;UNTIL=19980901T210000Z;BYMONTHDAY=1
RRULE:FREQ=MONTHLY;COUNT=10;BYDAY=1FR
RRULE:FREQ=WEEKLY
RRULE:FREQ=WEEKLY
RRULE:FREQ=WEEKLY;INTERVAL=20;BYDAY=TU;WKST=SU
RRULE:FREQ=WEEKLY;BYDAY=TU;WKST=SU
RRULE:FREQ=YEARLY
RRULE:FREQ=YEARLY;BYDAY=-1SU;BYMONTH=10
RRULE:FREQ=YEARLY;BYDAY=-1SU;BYMONTH=10
RRULE:FREQ=YEARLY;BYDAY=-1SU;BYMONTH=10
RRULE:FREQ=YEARLY;BYDAY=-1SU;BYMONTH=10
RRULE:FREQ=YEARLY;BYDAY=-1SU;BYMONTH=10
RRULE:FREQ=YEARLY;BYDAY=-1SU;BYMONTH=4
RRULE:FREQ=YEARLY;BYDAY=1SU;BYMONTH=4
RRULE:FREQ=YEARLY;BYDAY=1SU;BYMONTH=4
RRULE:FREQ=YEARLY;BYDAY=1SU;BYMONTH=4
RRULE:FREQ=YEARLY;UNTIL=19980404T070000Z;BYDAY=1SU;BYMONTH=4
RRULE:FREQ=YEARLY;UNTIL=19980404T070000Z;BYDAY=1SU;BYMONTH=4
RRULE:FREQ=YEARLY;INTERVAL=1
RRULE:FREQ=WEEKLY;BYDAY=TH;WKST=SU
RRULE:FREQ=WEEKLY;BYDAY=TU,TH;WKST=SU
SCALE:GREGORIAN
SEQUENCE:0
SEQUENCE:.03486
SEQUENCE:dflkjhfg
SEQUENCE:
SEQUENCE:7
STATUS:CANCELLED
STATUS:NEEDS-ACTION
STATUS:Needs Action
SUMMARY: Bastille Day
SUMMARY:"No Property"
SUMMARY:*** REMINDER: SEND AGENDA FOR WEEKLY STAFF MEETING ***
SUMMARY:1996 Income Tax Preparation
SUMMARY:Annual Employee Review
SUMMARY:Bastille Day Party
SUMMARY:Calendaring Interoperability Planning Meeting
SUMMARY:Calendaring Interoperability Planning Meeting
SUMMARY;RSVP=TRUE,FALSE:Calendaring Interoperability Planning Meeting
TRANSP:TRANSPARENT
TRIGGER:-P2D
TRIGGER:-PT2H
TRIGGER:-PT30M
TRIGGER:-PT30M
TRIGGER;VALUE=DATE-TIME:19970317T133000Z
TRIGGER;VALUE=DATE-TIME:19980101T050000Z
TRIGGER;VALUE=DATE-TIME:19980403T120000
TRIGGER;VALUE=DATE-TIME:19980403T120000Z
TZID:America-Chicago
TZID:America-SanJose
TZNAME:PST
TZOFFSETFROM:-0600
TZOFFSETFROM:0700
TZOFFSETFROM:4.56
TZURL:http://zones.stds_r_us.net/tz/America-Chicago
TZURL:http://zones.stds_r_us.net/tz/America-SanJose
TZURL:http://zones.stds_r_us.net/tz/US-Eastern
UID:uid5@host1.com
URL:http://www.host.com/calendar/busytime/jsmith.ifb
VERSION:2.0
VERSION:2.0
VERSION:2.0
X-SKI-TITLE;RSVP=TRUE: This is an extension property
END:VCALENDAR

