BEGIN:VCARD
VERSION:2.1
N:Mustermann;Max;Middle Name;Dr.
FN:Maxl
NICKNAME:Maxl
ORG;CHARSET=UTF-8:Firma;Führungsetage
TITLE:Position
NOTE;CHARSET=UTF-8:Kommentar ÄÄÄÄÄÄ ääääää ÖÖÖÖÖÖ ööö
 ööö ÜÜÜÜÜÜ üüüüüü ßßßßßß\r\nKommentar ÄÄÄÄÄÄ ä
 äääää ÖÖÖÖÖÖ öööööö ÜÜÜÜÜÜ üüüüüü ßßßßß
 ß\r\nKommentar ÄÄÄÄÄÄ ääääää ÖÖÖÖÖÖ öööööö ÜÜÜ
 ÜÜÜ üüüüüü ßßßßßß\r\nKommentar ÄÄÄÄÄÄ ääääää Ö
 ÖÖÖÖÖ öööööö ÜÜÜÜÜÜ üüüüüü ßßßßßß\r\nKommenta
 r ÄÄÄÄÄÄ ääääää ÖÖÖÖÖÖ öööööö ÜÜÜÜÜÜ üüü
 üüü ßßßßßß\r\nKommentar ÄÄÄÄÄÄ ääääää ÖÖÖÖÖÖ ö
 ööööö ÜÜÜÜÜÜ üüüüüü ßßßßßß
TEL;TYPE=WORK,VOICE;utf-8;QUOTED-PRINTABLE;de-DE;x-unknown;INLINE;VCARD:Tel
  gesch=C3=A4ftlich
TEL;TYPE=HOME,VOICE:Tel privat
TEL;TYPE=CELL,VOICE:Handy
TEL;TYPE=VOICE:Other Phone
TEL;TYPE=PAGER,VOICE:Pager
TEL;TYPE=WORK,FAX:0123/579
TEL;TYPE=HOME,FAX:Fax privat
ADR;TYPE=WORK;CHARSET=UTF-8:;1;Firmenstraße;Ort Firma;Bundesland Firma;PLZ
 Firma;Land Firma
LABEL;TYPE=WORK;CHARSET=UTF-8:1\r\nFirmenstraße\r\nOrt Firma\, Bundesland 
 Firma PLZFirma\r\nLand Firma
ADR;TYPE=HOME;CHARSET=UTF-8:;;Straße;Ort;Bundesland;PLZ;Land
LABEL;TYPE=HOME;CHARSET=UTF-8:Straße\r\nOrt\, Bundesland PLZ\r\nLand
X-WAB-GENDER:2
URL;TYPE=HOME:http://www.privat.de
URL;TYPE=WORK:http://www.musterworks.de
BDAY:1972-01-31
X-WAB-WEDDING_ANNIVERSARY:20001224
X-WAB-SPOUSE_NAME:Partner
EMAIL;PREF;INTERNET:privat@folker-kinzel.de
EMAIL;INTERNET:business@folker-kinzel.de
EMAIL;INTERNET:andere@folker-kinzel.de
PHOTO;JPEG;B:/9j/4AAQSkZJRgABAQEAYABgAAD/2wBDAAMCAgICAgMCAgIDAwMDBAYEBAQEBA
 gGBgUGCQgKk/ioorZFjl+6aZRRVAf/2Q==
REV:20190710T084311Z
END:VCARD

