BEGIN:VCARD
VERSION:2.1
X-EVOLUTION-FILE-AS;QUOTED-PRINTABLE:=E5=8D=81=E5=9F=8E=E7=9B=AE=E7=AE=A1=E
 7=90=86=E5=A4=A7=E5=9E=8B=E7=9F=A5=E5=
FN;QUOTED-PRINTABLE:=E5=8D=81=E5=9F=8E=E7=9B=AE=E7=AE=A1=E7=90=86=E5=A4=A7=
 E5=9E=8B=E7=9F=A5=E5=
N;CHARSET=UTF-8:;十城目管理大型知座
ADR;TYPE=WORK;PREF;QUOTED-PRINTABLE:;=E5=8D=81=E5=9F=8E=E7=9B=AE=E7=AE=A1=E
 7=90=86=E5=A4=A7=E5=9E=8B=E7=9F=A5=E5=
LABEL;QUOTED-PRINTABLE;TYPE=WORK;PREF:=E5=8D=81=E5=9F=8E=E7=9B=AE=E7=AE=A1=
 E7=90=86=E5=A4=A7=E5=9E=8B=E7=9F=A5=E5=
TEL;QUOTED-PRINTABLE;TYPE=WORK,VOICE:=E5=8D=81=E5=9F=8E=E7=9B=AE=E7=AE=A1=E
 7=90=86=E5=A4=A7=E5=9E=8B=E7=9F=A5=E5=
TEL;QUOTED-PRINTABLE;TYPE=WORK,FAX:=E5=8D=81=E5=9F=8E=E7=9B=AE=E7=AE=A1=E7=
 90=86=E5=A4=A7=E5=9E=8B=E7=9F=A5=E5=
TEL;QUOTED-PRINTABLE;TYPE=HOME:=E5=8D=81=E5=9F=8E=E7=9B=AE=E7=AE=A1=E7=90=8
 6=E5=A4=A7=E5=9E=8B=E7=9F=A5=E5=
TEL;QUOTED-PRINTABLE;TYPE=CELL:=E5=8D=81=E5=9F=8E=E7=9B=AE=E7=AE=A1=E7=90=8
 6=E5=A4=A7=E5=9E=8B=E7=9F=A5=E5=
EMAIL;INTERNET:weird@weird.com
ORG;CHARSET=UTF-8:十城目管理大型知座
TITLE;QUOTED-PRINTABLE:=E5=8D=81=E5=9F=8E=E7=9B=AE=E7=AE=A1=E7=90=86=E5=A4=
 A7=E5=9E=8B=E7=9F=A5=E5=
UID:pas-id-3E52FE2E00000000
END:VCARD

