BEGIN:VCARD
VERSION:2.1
PHOTO;JPEG;ENCODING=b:/9j/4AAQSkZJRgABAQAAAQABAAD/4QBYRXhpZgAATU0AKgAAAAgAA
 gESAAMAAAABAAEAAIdpAAQAAAABAAAAJgAAAAAAA6ABAAMAAAABAAEAAKACAAQAAAABAAABQKA
 DAAQAAAABAAABQAAAAAD/2wBDAAIBAQIBAQICAQICAgICAwUDAwMDAwYEBAMFBwYHBwcGBgYHC
 AsJBwgKCAYGCQ0JCgsLDAwMBwkNDg0MDgsMDAv/2wBDAQICAgMCAwUDAwULCAYICwsLCwsLCws
 LCwsLCwsLCwsLCwsLCwsLCwsLCwsLCwsLCwsLCwsLCwsLCwsLCwsLCwv/wAARCAFAAUADASIAA
 hEBAxEB/8QAHwAAAQUBAQEBAQEAAAAAAAAAAAECAwQFBgcICQoL/8QAtRAAAgEDAwIEAwUFBAQ
 AAAF9AQIDAAQRBRIhMUEGE1FhByJxFDKBkaEII0KxwRVS0fAkM2JyggkKFhcYGRolJicoKSo0N
 TY3ODk6Q0RFRkdISUpTVFVWV1hZWmNkZWZnaGlqc3R1dnd4eXqDhIWGh4iJipKTlJWWl5iZmqK
 jpKWmp6ipqrKztLW2t7i5usLDxMXGx8jJytLT1NXW19jZ2uHi4+Tl5ufo6erx8vP09fb3+Pn6/
 8QAHwEAAwEBAQEBAQEBAQAAAAAAAAECAwQFBgcICQoL/8QAtREAAgECBAQDBAcFBAQAAQJ3AAE
 CAxEEBSExBhJBUQdhcRMiMoEIFEKRobHBCSMzUvAVYnLRChYkNOEl8RcYGRomJygpKjU2Nzg5O
 kNERUZHSElKU1RVVldYWVpjZGVmZ2hpanN0dXZ3eHl6goOEhYaHiImKkpOUlZaXmJmaoqOkpaa
 nqKmqsrO0tba3uLm6wsPExcbHyMnK0tPU1dbX2Nna4uPk5ebn6Onq8vP09fb3+Pn6/9oADAMBA
 AIRAxEAPwD8J7JbO8tYo1tIFCDLOVG5qfdaVZRwmSOFWzyAF4H1rLt5WViMhdp6HgmtKK8O3B+
 4Rhx6fSgBI9FtjaNN5aErwRjilSys7lFAt41xyTtqc2yJCVlY7eqgGqv2jyLcebjZnGPWncdzT
 0+w0u5eQXtrGiBcIyoPmNMXwpb/AGMTSRRbH6YAyPwqK21GKdfLBAVfu+1SQX4jnjKFsp03dPy
 pCKN9oEaKSkC7R0bGKpnSlSPdHErZOORXV3Ouy337sCLB6kpx+FY0t+VfyrgcbuCB1oAfoMemr
 cImq2sZX+I7ATXS618PdK1DRlvvDEaMq5LoV2nisx4LVrUfu5BOePaum8EQS6PY3HmFXjljKhT
 zjOf1oA4mz8OxvMrLbW5RD8wbByKg1LRrRriRYY408w/KAMba1pRaWt/Ha6a7CVm2u7N8lUPEu
 jzaRekzSK6tgqVNAGNBZJauY5Yon92GTRJp0ROY0Un0A4q3c2odkaYOMjiiKL7NIDGcj1NDAZB
 plmmWv1xnoFHStfS/DFpewqYoYm3DutZ8lv8AapdyOqk8EVteEbSe3KBSrDrQBT8S+HbawiiWG
 CAPjsuMnPesqHS4JSFlSMP7DitbXbvfrkkM2eGw3p+FMfTh5X+hr8w7t3oAhOhWu8MkMZUY3fL
 0Heo9UsrN5FFrbxKmMBgoG41fWFra0Acjpzg9aoXjtgRoo29vagCoun27kbY059qnbwykskYjR
 ArdTT7GEl2UqMr2q/JtVU27iR15NADdK8DC/wBPle2iicxNg5ALH6Umm6FZ/a3ttQt4g2Cqnb0
 PbJ+tamn3j6ZCW0nILfeBORWVfO4dhLw7fMW7560AZuqeHf7MuTFcRpv6qVGVx70q2EciQwyW0
 SsPvOqjJrUtb6S9tHQKGeMZYuM8VUs7gRxbrncy9mWgB1x4QtTHvsQWkHJVhhax3tkhugHhUkf
 eAXIFdPZ3v2uxkQ9G4jI6/j+tYun3r2Fy6yxeb2Py5IoAqXenJ5xaGNNvXH/1qcLSGeBdkSg9C
 cdaswC3be0pfexOMnpn2qaS1KQkQASKoydvLCgDNi09RKTNCuO2BxVjSobc6gqXMERQHkleDUs
 cu9VADbG6qOWAp11bLbptkjlCkZRsde9AFi5sbO3kKfZYTnkHaOlVbuO2F5thtYcADjaKXUpHj
 8kuCo2VDFL5wLeg696YFwQ2z7Qtlb8HJO0c1Zsr7T7a9kL6XazZ4CmMFRWfHdkEgjGRjPpU9ra
 P5LSPj5h2pAWdQ0+z1KdG+y21qvcRqBn8qXSvC+iTu63ssqyE/IAuR+NQwSrGm1g+c8E9qiSQW
 9wPNYYPOR2oAW68GNa28k3lwGNHwvzDJGfSqM9nHBgm3j59QMVdmma4zIjsUBHy5OKp6o8s2BJ
 jZjjAoAro/nysbgYY9zWmLPCR+WQQwyaz4k2F/Pbft/GtKxvUeFN+B2x+NAEptsWpZSdo9etZe
 8su2X7pPFdULeOazKqVwevNYt7pw5EA5HIxQBQA8tAIeGz1NWIJvJlhW5OQBzjrUMR/eN9pwoX
 jB4qQ3ERJeYcy9P8AZoA0jf8AmybVxsHAFS6jp63ixmwjIwOfrWfaou12GcDpmt/w5qJhXc6hh
 2GM0AZkHiRpblVlG0RjGMdxXQ+H/E0Rm+bjdw1crqEHm3EksY4Y9PTmq0cskc42qUOfpmgDovH
 OhLBOZ9O+aEnIUdRWQZft1sgum/1Ywua3fDfiFDL5WoEPEwxzzirPizwTFPZC60kYUjcAp4NAH
 PSq91EoRS3061DHD9nb94Mkfw020v57GbcCRt4IIqzNcedIH2jc3JyOaAIYrRZmJxtNdB4fkGn
 2hluBgBR+NZ2n2X9ozAQD5qvaxGbKIRXkuFU4C96AMDxBKZdQkuEUkStuUegpNM1eWScAkqpHT
 HNPlwbjMzExZ4Pal1PS/s6+dY/6vuwPSgC9G8c0A+1xEknrnpUVxaeXNm2dVUfjVazvEZAEkMr
 ccZzV1YYyBIhJP8SZ6fhQBSmV4JfMVT+96UJdSQdcMO4A6fjVmTUoJiqTOMJ/q+elRyQs0Ttax
 F0PVhzmgCzpd55r7YI2HHPTmrV0sDTF7gnJXGO4OKyNKgn80NbFhjoBzWjqdg6SISPmIBOaAKV
 nI1leyhsMJOD7CqOqRtZqotjiFulWrhsSMshKH1ogsZbmF475TKifdf0oApabevHIAhCYOdxp0
 t59luS0I+995uxqpdRyWsrqmXGeCR/KrVlZfaogqv8AvD/CaAIY42kV3K5zzn1p9jNLp6u/A80
 YPNWWsJNPAVpC4JAZT2HfFWJoVmVVjhVkHTPrQBPoi2wsoo4APtBHL+tP1mS5uVEFxgJGNqH15
 plp5WmyBriMRsowM8UybXTNdbrpd6A/KKADxbJAGs44FIPlnd9c/wD16ynt/LiDW2SR2qa5vP7
 RnMs6BNuQMd6jhkAUb2K8+tADYp0fhj8w6itCyQ3CFYeAOoqi8Uew+UMuf4u9T2NwIW+UgMetO
 4FmS6RJ1ik6HqxHAqC+gimUiA8DvjrU0kcE8ieYitu+8c0+bShaWxksSZoM4b0SkBTgha0cq33
 Cuc1SvrrLFV6jpWqbuGe1HnnDdAKy7i3WSY7OT2NNAMulWSV8ZDNzxV7SlbaFjClx69Kpww7W3
 ct7jpUtnNJHd5UjZnt1NIDdt7h7NQ7qGfpt7VR1XVEhdhEpP94/4VpafexTy7ZlbBGDVHxFbQh
 1j04HaOTkdKAM5ZVlYso3E+tVp4w8gx0Bqd7QxNu+6D6VDIoVySxAx2NAFyNmli2pjYBz61paW
 3lWrFS3BwP8/hWJbTBFJy2D6HgfWtiTWPsqxraBHyOeBg0ARSoLSTdIepzz0606exTWyQGMXlj
 ORTNT1B7+ECZR5fHzDqapfbHjbFkTsIwSTQA43ptyyS44Paun8N64Z7Bre4YlZBtU5+7XLTQbj
 wN4Pb+IfWn2lw9uyrIw2Z5HpQBv3GirHc7LxWVZOVI71FNp7WDgQYlIIGD6VvaPdi+tljb5yeA
 zcn8DT9YtbPSpVhDM87jJ3Htjnn6UAUIrJreD7Si7MDoKhv8AUxqtpGt5GqIOr9zRfLM8ZFgZG
 tex2nGe4zWKN8rsDhYx2JpJ3Atx+HxcRSzWcpcL/CRwaj0zW1sQy3cSnsFPSoYJpbIl7dm8tT8
 wzV7+0hqEO1Y4lQ9cqMn9KoCp9kW7kaaxU+Yx+5j5etWrb/RGxfr5bkdulW7KFILpfspDbVyc1
 fjNnrLtHqOYWP8AFjGfxpAc/e6Ql/GzW4AfqBWfpupS6Xer5vPlHmMjg10V5pp0u4JhYNGvAYH
 rUn2WLWrVo41AvSMRZAC/8CPr1oAvafdWOuNG+lqDekY+zg8MPXPX/wDXWZrFtcWNw0erKElB4
 Rf4R6c1BpqyaBdbrnEcwyAc4x06H0rQS9a9jUTgOXPzMwycexoAw7u1jYb3zkU3Srtgdk54PFa
 mv2C2pDQbWjcfKCeSa56aJld23YA6ZOKFqBrXGjjULuOKxKuZOTn+H/OKwr/ztOvsuCrg7RgVL
 YapPbXAEW4EkHJNdBNBH4gtgyhFmXuw60AVpbT7VpiPJ94jLetQWsDRSIYz8mec1c0+1nexdrw
 7GjJXk/epsFtDPG0bOdw+b5SaAKWsXA+14Y71FQi5S4RvlAC8A0y5hHmHarhvQ9BVGSQxsUXPH
 X3oAmDCJ8rzgHg96gQ+ZGWbg9vahNRG7EnalkkF6hEXyD270MCWF3aEhdue1OsmNnMAih/rVaB
 gAUY8561PaubdnMxJXseuKANhIY5Assp2v12itZtAgubEi2nb5xuKYHWubstQaO6SVzujTqpPX
 8K2rXWLRF8xZJPMfjAzgUAcxcNiaRSpUocc96sW+yNgZCMVF4lvJdRvTOYkj52jbgZ98D6VWml
 Y2qCUnJOKaVwCzviibANwYc8Utkdl7tbKhjxmpUspvm8tgn16ipigSEG4G4pxu9TSA27GeFbRl
 GGmP3cdhUN8GEP2hV3JjafrWfpU/wBmuAcZLA4/Sr1trkarJHcRmSEZO3uTQBmrcbZCLoDZ2x1
 qOHSiyebJIAPQipp4kmbzI1EQJ6GtCxsoHP8Ap91GB2yDQBlSWO+M/ZsBHHzZ71XkfMIWNgGU9
 vSt3U9Nt9m21uonz0Iz/hVCfRkjg82FhtHDGgCuZ8EMjDZjBzSZ8pAwU7XbGT0pWtEjjAZgV4P
 FOml2QKqkOoOcU1qBNYRSrdkrhw3BIrah8KwXoV/m3PyVzyDWNp999kccgZq/ea7PFAGgZlJ6E
 UgN23thpdi4V1Eucr7ev9K53V/ER1a/MkuWdBtG04zioLrXJ5wDK2XAxmqVqmZ2YPtHJ/GgDsv
 C3i0ppr2d2ishyFAHIz706bRLNdOPnErKw4y3NcvZ3pjA8o4kB61o3OpSX9nbx3QIkU/MwoAj/
 sGaPzFjlWSJjk46ioYYwqssjIHHAHpWm4ESN9nYDIFZV+I7uVI1wrY5b1oAtafcvb3W4MM9Nx6
 U/VZpNRys54ToU4zWKXaDKrJuC8cVdtpi1gzs43HNAD9N195bdYtRIUR4wD1NX2KuA9uThuSQe
 lcsZwzq9xyzfezV/SdXe3m8pXJhkPKkUAdYZk8RywjVVJES7U2cE/WtA+HDHohuY3Uxg7RF/Ge
 aPBlxaawMW6rHKnAU9SOOlX/FFv8A2bpzTQk+cpAAz93nrQBx+r4c5CODEOA3Y+wrKu5V1C1GF
 Kznkk9K6Wzv49fs8Xf7y7DYMhGNgrmtX0s2t66WknnKvUp0/WgCnbrJFdot0NwJxkDFdDYp86o
 MjjIArJivxbR7LuMyEjKitS21MW8auuW44H93/PFAG15aXdr5Uv7uULkA/wCFc+Yvstw0at8+e
 oq/p+rm6vRJMNwIx9KranYySXSyWEZZHOCw7UARXFyj5STAk7ntWVf2gALLyfUVoataLbfLO2S
 O/Ws2c+VwhLK3QDpQBmz2xAyCG56d6uWPlnCkFcjoTzUBkMc/3cZpwn8oZkDFs8HsKALN1apDI
 HOeaiLkRkMOtSXE6yxAsRUcdxldswIJHANMCuJW8xQgOP51oacWPPGAeRUUOIZQzDhecd6mbIc
 bPusM0gLmq6bHPohlhDeZuH4c1zzF1+RsHByDXTae0s0IhjjZg3GPWqOs+HpLCTbNGyb+cHrQB
 ZitjPEzW/LL97vinw2v2m2aORec9AKXQbswygBBiX72TWxfaS8kiGFQAwz8vWkncDlbqNraT5c
 jb/n+lMGckx8kjOa1tU2TxkPkMpxyKyrhJ4WaKIDbTAkgvIp7URzgBwe/BpZYrd4vmZWNZ81x5
 cgBXDdzVlIvtUOGIBHpQA2aEROpR8DsB2q3bvG9iySzEsTkLnrVMqViCZzt7nrT7GBVuQRnODQ
 A6Q+Sx80A4HApEJB3BAR9K19EmhkvCJ0ZsKe3tUc8Mc1yy7cpn6YoAzoUiclnYYY8AHpUl8zRx
 qpPy9qtC2tULgSMAvQ460lzIl9b7YiDt4GaAKMMQlJ5z9Kj8gIW5yKnS3Crlzhh6d6k0mbyZT5
 65Q5z60ANtrRpPmhzWhbwy7DJcDhhwMdKlt7aK+gb+z33yKdxVuMCqaz5cqGYfWgB6yu8rBB8o
 6Gs/UpjGQXBGPTvVmSfyImyepqrqjbIw3WgCDz1ib9yOTg4NbVlNBJYvlVBHt1rBaPzQWU4IHS
 n2FwRJslJxQA6e3M0O4oAzdB6VXR2iKGQENGOK0ms1eAkFjF/BjrVGaAo371smgC7pety2kwl0
 6Vo5AOWXmuwm+Itv4g8Ota30aWlySAJQfmkP/1zXIeG4Y5SVBB3evamXGly2tydwG0nKkHpQBZ
 86fRbpBLI252y4PGRWhO8Ml1IbJhHn+BTnNU9O1oRwvDqqhB2lHJP4U6awb+z4JdKbzdh5ZurD
 HtQBat5LaRHiaOP7QejEZKD/Oauy+FI7W3Bsroyhxkq3QH8q5a7ujM8nWOQnBqTR9burCT98xd
 R60AbbaHc6ZG3ymJsZC/3hVnw/fNIXt7hygHzZp2oeIBqCxzqfmCgEe3+RVdrmLVAEtf3bxfOW
 /ve36UAV7+7DXMu5Q4/Os2e3eRWkiAGOijtWrPodxfQmeNVAPOPWsppJIpiJxsKcY9aAMwRyTS
 bpflx68VOYvOXb97OKtXAiZdzkqT0AGc037BIIRLHjsR60AVprZrZwGj4qTY0xyRj3PUVMJDdu
 FfqvFRzxJCzrCzEr60ALEu+YI53c4qeGB7lGCnBU4FUopTBLvfk1at9R2sAMjNAGtaXsnhy2Fz
 PHvC46jgnNQ33imTXrkz3oVFAwo9Kfrtq03hAzEfJ5gyc81hWM5hhKrhgT0NPcBySP5g2uVI98
 Vp6X4uuNGlyzCQIQR0bI7/1rNQxqW+05J7Y4qK5ZYUP2ZCW9TSA7SR9M8V30X9nMFZwWfcNi5q
 PWPDtjo0pE7O03U/Mf055rmtFmN9E0DEox+atPWbiW7lSO8Ja4jQbcDC4A9PXFADYtM0+6nc3u
 7aOm3IP6Vnak9tYt/xL/M445zTIbieOdmWNsE46cip42EkyC4hYx469KAFsrT7XEJgFPOT61s+
 H9PD3XlzxnL/MDtqn9pghgb7GjL/eJORWqfEnmrA9oFRoxjJ5BoAp6NqDW2pzRXtuyIAw3FMfr
 VS4iF08pydmeCDxWvqeuC+Ro9qglcMw71mwReXD5aAlFJPPU0AZ0cEsbkSZKH15FD2xJJiJVj6
 cVfnzLGEXAA71PFpDPaebE6/KOh60AYVws8TBgrFe57CmHUG25RVJA7AVozzSLbNvX5T1AHNY/
 m/ZnPlqwDetAEtvqzJNu3FZBwQBjI96vPqkd3mRtokH31UYx+VZqWruxaFl+frkZxT1tvs1ujJ
 gEH5mPR/pQAXl2S371XAHI+Wkaf7VD8hGR2arKySylRccQ98DmiS0jifdsdgeODQBQd9x3IBx1
 xTYlBm3En86sXUAwPswKg9QeaBErIEj6nrQC0NHRtUjt0K3AHzDABGcVW1fTzJL51jyOpz0NVo
 oispebBI4wK2YFEthk8qR07igDAgJil+TKtnnHFaP2h5yI3ZsgdSfaqd2P3im3BGM9aktsjmRg
 COaAJZrMwR73A5PT0pdMvZtOning+byzuVDyh/A8VHczSzDPy7RwOKgiuHEewjKeoFAzp7TUNM
 8XXEw8RhYNQmP7ny18uNeOM7cCtMfDiS8uY0tDEYghyynjPbn864htP8ANhLIehzWzovxDvtFs
 DB9+PI4I/rQI0r3wNc6DO0N2VaQqW2q24YxmqFhYRgE/vkkDfMGBBP4GrSeJ7tZd6SxvIfmK4y
 QP84p0XiyC71gS65G00zAKGX5Qv4UAbFpd28WnIsBLsDzmub1+AXt1LJEoQqfu4xu+lbWsWgs4
 /NsCXjPIbqK5+5kklmErDD54BFAGb5cjybCrAnnB6ipEvXil2sM4GMVpFY7m4UNmNyOWJ4qtea
 M0BISVZe+RQBFHC2/zISgB69KlIVhIHA3HuR70lqotlBulY5P4Vcls44k3u6N5oyoHb60wM6O1
 SRir5LemOKv2vhuW4iLg7VA6k4FTR2ax4aaVIwR3HWqGua5PcQm1WRBH6jqaQFzWbE2nhzynuI
 i+8HaHyKweJSEQEN6jpVcKyOwcMVznOeKmtZvOPDKuOKAJbi0JYFf4eue9IW8sncfvdqnlvVFy
 Fyu09abI0bysMZx0oArC4eCTcgbjuK2dNvE1N1M0ohljGQzc5A7cfSs6aweWAk7kTuapQysIT9
 mOSvG49aAOkvzLMxk06QNuG1l7j3rPlnnJAuGJij+nNQ6XqT7wEYqyn5v9utLULaW7j321uiEj
 LqMkKKAIotbghb/AI8hKGPIBHNXLG6t7uzk3RLbKG/iP+Fc+8f2d1eFztzyD2q5p2oCFWRoxOX
 52nPFAGgLyC2lyZFKdB70r69buxRJBHjrnvWVdeXLE7xE8fwnoPpVKZUnQPkBhwRmgDq7a9tLy
 ARWiiWYngL1qG4gurJ28+NowO2a5a3v3smDaa5WUd1HNbC6zI0KSX13JO7D5lbHFAE4V7pi0b5
 x1GazdUtXSM7v4iPw5rQ0/XrcXX75FgUdxzuq/qFrp+sWRe3uDkc4BFAHLRDY42ycd6uPOXiiV
 +RGPlWnXOg3IQvEmIB/Ft6/jUUEZmMcgydvzECgC1G2+Ly3YAvyM9qY88kaFcmmp807uwPJ4FS
 3do+Fzn5ulAFVrjbgS8Z4yah2C03SMffNWZdPknVAiluQOnHWmX9pILvyY13HHK46UAVre7LSy
 OCTmtjSiy7VijLeZ0IqO08OzPIUiTI74Ga6bRP7O01Fh1KYJOv3V4BoA4zU1lExMrkbOAvpVcS
 ifhjgrzmtjxPp7pO7SggOcqfUViy25hG5fSgC8rrLAojbd7d6SexlEgwpRfTNV7e5LFBbKAwPN
 WHeX7TguxI7GmBPBExhaNVIJ6egqOVknO1fkx1J61aj1gLCUEKlk4LVWvozC67kCFxkD1pAQ24
 e3uDLC3z9CR3H/wCqrczJdOGiOxvYc5/CocMYhtUBj3xU8QjkXbKPIZOjqclvzoAu2HiO60xPK
 vd7wY/1fGBWnJo8WuW6y6XIPMYZEAzuH9KxISonAuzuRzgk9qtR79KmMuhTt5cRyxznFADLzS2
 tMw6pAY5OoDEZ/Sm20TQQ74YwVQckGtMatB4kUpqreVIRw5+8aqXFjc6bAsbD9yThWz94UAOmm
 jvrRCMJjOQRVS0sD9pLyABM5Of6Vdtrdn+RUGcZqO6uRBG0MuFI79KAMfV7r7ZqDI7kohAVT6U
 2eJNimJQOuTnpSXFussrMvBz1pJov3YUsR9O9ABblRncQ3bAqY2EUwIiAVqr20ojfYqZx3q9bS
 KAGcYJPIoAoq7OCEQBffrRDGEcleM8nNPjuGkhHmbB74ApvmxltsuTnuDQA+SFEjDwu5buD0qp
 LL5vMg2kEdOlXECMAyZGOMMePyprQRI5N0rt3BXO326UAV4b0Wt0pC5HrXS2Wqq9zE7jcO+OhF
 c81kbg7iMqeAFHSpLa8eymaNOUIwD6UAavjPQYYybq1bBmXcF9O39Kw4iXdDKcEDAxW3q7NdWE
 LISdiYIz71kz6ZNZNHI0cjqQfujIFAEtzAtu/7vODzmqlyzNyAo9vWp7uWSWJd+AMjjGGqOWCS
 WRVVW2+uKAKskpWU5TP0p8c+ExsPPNTmCVD+5U/QrzRJHJGymeOQc45HFAFczh497KRjirWlEs
 AudvII9znitEeBp7yAPZvEVPJUsP5ZqCO3j0yYDUNwliI6dOPpQBt/wDCR3Wj6eHFujvIdo3DI
 X9KoHXoL6J11CJYZAONlaWueIYtY8Nwx6ZHu2MdxVeTXKG0eaXKRuCeuBQB0mn+HRe2YezeMqR
 kFmwfyra0rwsIrRmvZICcgDLVw7xXFuFd2uEQfeAJAxUkkjSxh4J7gjPAErf40Abvjq1i0y4SK
 ByCdrfL+FUI7SR4Wc+WzMOCW5qhf3Mt9cCV2ZiihRk5qpdTSBgRI+R2DnFAFw2k6AqJZMjuD1q
 ncxzyyAkPuiP3ieT/AJzV+01R7a2RpMZPVmGQ1WVuTqLDCptcfMBwRQBEkst/YMCSTH8vJqtJa
 oYQJPv1o+ZDZKAo+UnBpmrCBpRNp4/0crgZ9f8A9dAzCdGgkOynxSus2xjkj+L1qW5/fxYj+8D
 +NRWzR4fzCd2O9Ai0lzI6mPaMOcZqW4uI7rbtJ3IMc1XScKqncQT0olPlKWfBz6UATKjSDcmdo
 FWtPCyRkzckHiqUV0623lKVIPzHHWp7Ic/vSRz0zQBcCqdyT4J7YqC3uZdKv1a2UupO7B6H2NM
 glMUsmcnd0Lc4q3BmaMBiDjr60AWJRBfyb9P2RueWJ6KfQVLHqMdtcEysxJXayN0x0yKyWihWQ
 BdwTOSdxHNbzWEF5ErXhX7QQAMNge2f0oAnhs4rq2kksHwirkg9SfauXnJnmL3AbL9jXSRWh0N
 28x1cEfMqtnA/Cs+70+O9/fWRIb+76fhSTuBimbyyyKDgnipLk7AML1pZbCWO7Hnjn26U6ZykR
 L+veqAryuvm/JwfSk3mo2AyHyCT6Ux5pLU5Gwg88gGkBPNAILUO3KmooyjL8ueegzTvPMsRjG4
 qBwKrW1sxJZzsIPGaAJbmfp5q7MZx71NZawEi8qZSyHg4NRGLzCPtB3eme1R3Nutocodyd8UAa
 VtqEUDlI8/N3PaqV2HtX2x4lIOSwHFSWkEFyo+cD1BpbmNbNdkh20AMh1UiJ1c9RzWj/wAJa1v
 YiK1RmRvvetY5gDENxgnpUlhN5TiI4O4845oAmu51lXzFDGQ8jnpTra4uJkBAOQavXvhG8tIhP
 awvJAfmY9gKE1COwgIiAZiO3rQBV866T52Qsw6YrXguZNTs0WSJ8IPnHr9KwZNamNumZSpPU4p
 bPxBeRy/uJjtXqfWgDodMtnXKQjYeo3VnalpiXjMzXMKS9O9VV1ydCXkmLY/SorWwTVJTmQEt8
 1AHTeCY49Mik+0SJKmOg71W1bxHHLdgaXaSRNnjdzWapGlBBG2ec4GKtQ6yZD5hjLMvbIzQBfu
 tWC2ajV4ywwN2OM/Sql/JY2kKGzU/McnBBqlf3Lam5e8lKMv3Yz2FU4VjgzsGQ3WgDa0ya0u7k
 xzgqCCcn1q43hizkEjRkOoXcAOua5Ka6Mc3ygEVb0nW57ac/ZC4Xuo5zQBBeZjcwuMxRn5fUUm
 nySx6kv2cgg98deK1LjT31pTLpymSVuWiXqv17U2GzFgFBUCVOo7igCTT7cnTp/ty5ZnyCvGOK
 z2uwimOY7geQB0FWY7tzu8xiqk8A96qOvmyMSowOc0AVpkkgk3uAiP39KkjtonYtnO4cKOP1q1
 Z3K+X5V2N6OeM8gfWiewaxiKhDsAyJB2oAk0u1juAwniYshwoB61FLZfaJDv/AHWexpulXRNwp
 jkP7s8nu1Wd4uC7zfezxQBTjxZTHzlMigbdy8UpYXEv7nPvk1aNqbhDhgARnFZMCvbzuWZgc/n
 QBo2l6qs63AJA6VIsiG4DI4jXP8XeqcbrK5JH3xkH0pWhWVR52CF6UAa8kUd7H8rD5f1p5txHA
 fNPasWRCjgh8D0BrV0a+DgCdfM3DaB9RigCml/JFPyB159xV+C/wfNHAbtUN9orxO3k5dhycfw
 1XmT7JarIjb1k6U2BcuNSVGDSAPu6be1QTXcO0CVSwbPA7VRtpftEmxW2Mx6HvUv2V1J2jkdaQ
 BFJB5jBVYemetRyW6SqTKCfTFNllCHBX5vWkLBPvk4NADTG0ePKB5qdLN5NjycqvNQIpZAFVj7
 1LsaJQBuGaAH3aCVwycKODUMsZgJjxv8AXIzUs0DpHhmBycjmgOd37wdRjNAFETeTcARAbSeTV
 iApfrhjufHXNJNCsUu18Z61Xit3Q5JxQBdW0MYKyn5hSf2BPIjS24I29T6f5xUMMrs5HOF71oo
 VmtMyu3ynAAzQBqeCfG7aaPsmuYkiYFG3HseKq67YQW2rSNpLCS0lGQ5GSh74xWZc2SyxK4OZl
 5x7d/0rV0K+j+xPFOu4Pwpx0oAo3OnFreM7AR9Kp/2eYpxtyCx6VoXdg2nSlQzMh6UxJdjqSpK
 gfN6mgCOLSZGkKyYw/wCn+c1YltRodoWA+Y8Z+taPhWz866DQqxLdmq34x0ZbS23yY3NgkUAcZ
 cSyrjcc7zw3YU62meOeTazdOhrZ07TYLkYvSFVfmqveQWkDj7CW9zg0AZs98wbO3L8ZpvmGRsy
 ZQDsO9WLu0EwZojwMc1DJCrsA5we1AFmGVZLc7Y1bA6nvU1gIyNzgxtnoKr7INgHO8dx0pJ3AY
 G3UnHegDRS+NpL5lsxh3dQverj38OtL/pKCKSPhWU/f+tYEt98xMnC9qgludrrJGzFl7DvQBq6
 pYNGdzHGO3aqS33kEBhlSME0+01z7OcXGXRupJ5H0q5fafFqNuJLLnofmGDRsBmJeDzMEZGevp
 W7o8sN/bzLqTBML8oB71k/2YYh83FQRqbdtr7sDv60AX7jSo4ZsiVo067hj9anuNHeyjVizMj8
 gkdaqQyi+UxjO7O0A96tXDz6rEFucp5HygUANGEQKjDJGaqzWbzgyn5QOPY1p2xZtOaGNVMo5B
 PoKqxa1NHHtmij+Q4xkUAUraZFiYScMOgNMf76CIZHf2q5KRq8arEjK4OTsGaki0oKwAEhPuDm
 gCohEsqq/O6rrMNMj3AEdgfQmn3tqUgEcaYz1JFMtLdn0wpFGxYHhjQBa026M0XM2WQ/NnHzU6
 Yw6tCPt6rbpH0CdvzrPtrZ45ceU4cHk9qtzW6XLOjqwY9+1AEa+HWun8zR28xU5LAZx+VLaGSV
 9jrkr145amvEY4hGkjKMg5XoPY/571vaHFDr95HHqDMkoU4C9G+uKAOevoo5iSBjBxVYwLdRkL
 1XtXSeK/CdzpkjRMqyJ95SjbsD3rmJbUwoeuGOCfSgC9eWc9rcbbdA0KHPmhcq39Ka8e9DkBS5
 zk1X0/wAR3dvEtuTm3AwVzW/D4w0xIEivbOaSTAVWBAH40AYMu6CZDkFcHcTz6UrtkYlwVHIwO
 tb91olrqtuRZSL5h5EX8VY97pc1jKAqZ2jB/wA/nQBRJhubjE4YOOnNMC+S+DzmrMkIA819wPT
 bjmqwfzcM4w3vQA9mbYwgIz/ENvSm2t+6jZsYKeTkVYjn/eqwGAOp9aeW+2sdkgVf5UAQLKY5M
 HGferNv+6IMXT07CmyaeZIS1vtmkUdQKbZ+akOZoyqMe45oAvRzjUJPLLgSds8/zqyPDzwETag
 y4U8YwARWMbcwNuDDePenPrbXEfkTn5hwrdqAO709LPSbbzlZdvqD0Ncnr/iufX793uWQrGdmF
 GBjpmstdQeFRHKx2Nn5f73+f61E7iLCxDnrjvQBaubtNypAxyRzg0q263DMsJIzzyc1mwyDeSD
 82e9XIGUIrSyBNw+X2+tAD3tSpcFvufrVZbdL2XbnDdjnGKnhs2nkYtcIEJ6461HMiJIApBVe5
 HWgB8mmtpzDzSrrkZYU65mRGYoBgirEkCStiJlC7c5IqjLNsYhtu0d6AKkshbAZcAdc81Gdwb5
 SD6cVZjYy5WXBVu/pWppnh63urfdLdxR47MDk0AYjnhehxntVq11OVANuTj8q2/8AhBZ7mwkm0
 0CYKQBtHXrWe+kTWS7J4zE+OQ1ACQX/ANrkC3DD0wODV280KQwM0jxheueKdZWcCrvkjYYHUHv
 Re6jFLapHtLKeDjg0AVrDQ5xdxuhIUEMHx8pH1roZtH+2W+dPIbHDMOcms+81YNoqWltlFKhQD
 1HNP0e5udHsHFkcyMRkDoaALUPhaa1n8yUgqRgjPOO/eq+reDkvHzoQYIB85JzzW5HBLqWmCSW
 QJM3UEdB3/Sk0S3uNPmIkBlgJyXAwo/Ci4EHh3QYfDsfm3mHklGGLdFqS91HSYpvMw0jjkhTx/
 KqXjLUg8hihYiMn746H6Vg+QYxuV9vH1oA3xrem38TNe28rqp+VUyD+gpbTU7O6ylvEYoEBPzj
 DAjp2HeuUk1aeyfNqMH+8BTrvVhqEAMuPO7n1oA3X1Q3U0klp5S7OGHFZt7rj4DwxlTJ6riqMT
 iDZsHTn6/WpbfU5EP8AxMVMqdFIOMfWgCZblpEO/GDgn9K6bwZpktjcC7lUsAMYPvj/AArBi0l
 rpc2sqbZsHbjkV20SvDp8UUZBcDp60AY+ueIZdIu3Frh0lbD+YNxAPXBPSqLrpuunyNPBSSM7m
 ZyQpJ/KtWQ2uqvNDcjypQjAFjnJx0rhNYhntbvy7jcucgIe9AEUMOy5ImYgg4xViVVa4UFSoTo
 c9a6DxZoEdqv2rTsHzDlx/dFcujFpG27vlPGe9AEianPpV359o7b143jqo/yP0rWs/FSavF9l1
 JltlB3tOerd+axl3XGfMXC9896iu7UbtyYIxg0AdTc2Vrqe3+zZxIF4Uj+I1S1Hwpexu0kts8a
 L7Vg2t9JZ8REjJ+UD+Guh0TxjeaW3/EwAuFAxh260AY8yujfLkBOCOuabHcqgCxYAbrz0rsbSy
 sfHdzks1rO33Y0AwTWd4h+D2r6M5mmt0ER5D85P1oAxLfWZLSYrbnAb5eKnudVnyELFkHOcCqU
 mjzRzBWyD9K6W38JtLo6TtkLzmgDHtryGZiZUDZqDU1Vl3wp8g+9jsf8AOKmGnw2cpE8jFR1I7
 VdGjRXMQa0kdoSPmHrQBn6bYnWz5NydjgZVgORWeztBK8ZBJQldx6nFdZ4ZtoNI1QPI7O+OB7V
 X8faO9rdC7ESrC4BJHqaAOcgUTtuORiraW0M9yiXLAIeoPc+1RWaru6Haxq7e6ekEZkBGzGVz1
 ptgVprUw3ku3iJDgDPUYFEzAwZRN2CDgUw3JEkezD7+xolvytwn2pVVRkADv060gLVlMk4aLID
 Hp7+1Vbu1+yzgThiHOOelElyIZl8v5CDkVtxWkGtaYs0bMblCcr/KgDCe3LzsN20L2HepUQJnH
 I9KsX+gT29pHKCd79qWw0u4aPcwU4796AL+meIr2G1aDSbiWHOMhR1qxZXzxXBl1n/iYBBlg/F
 R6VZW1nciS9mdJADgYGO1Q3pIOOu5hz60AO1vxLDqluP7Pt47eJSQ2KzvtiSgeWuPpU89gsfzH
 5cc+1ZaSpbXRZT8tAGjjz237gNuPwrc0O48uUPOM4GBXORXC3HmJD1bB/QVZivZfLwp+71oA6f
 VfEiwXC+UBGjfKTj14qZbi7gtJWjkY2zx5C9s4rnbCRdZiaOUkFQTke3P9KbYa1c6XcBARLEWx
 hzwBU2AotqzH5Ls5YdFPOKmiu1KgxfvCOqHrXTL4EXxLbl9MO6bGRkYzXPal4TuNLu2ju/3csf
 UD9KoDO19yChhO3OcqO1VoZEUbHVckZL9x3q09s8a5uDkZxUDWX2i4OzgHvQBLCwkwyEFc4z6V
 NDZm7utkROCfwqCzAhuGRhhV/WtR5okjjkQ7ST2oAlSRtMdUjHzR1p2OuOI2Ly4kHQViS3KiYB
 MsW5zSNF9klEjPnPSgC1dzm4uVKSMZd4JP41oeJPD8+r6ZHLbwmW5H3yCMqvr/Os6xu/tDfvUC
 qSOfWuj0yf7OxLO2CAG9x6UAZs6vcIqSiVw3GQMisR7RVvpFkGFU46e1dN4c1hYmCXm0quDIO9
 c54quVl16drdDHGzZX6UAV5bTzWIi4Ws6/DQEoQSpI5q9BfywxkS7WU9OOlMa3F8hG7bj5sn86
 AKcErggKVA96lFwLcYHX3NQPAHnYD5e26pAnluA/JoAu6JevFqsEqs4YN0HQV39p8aL+CJVnWK
 WOP5cOAf6VwCzrbxAIMMefpT48zEFD9RQB6hZ+PNE8YqsfiJFt5GOC0abcH6ioPF+i2/hiGK50
 xmuLOQ4AjO9s/T8a8wlzLIdxKkHIwcc1s6R43vdJi2xurxsdriQbto9RnpQBal1C1urtzcIVjf
 qu3FRMNM8zbpplViehyAKnuU0/X4N+ixtFdR/67e2fN+g4xzWPcWzWFyDL8gP3Qw+9+NAGhqul
 SWzpJHt/wBnBzj2NejeHLG28f8Ahox6/HsmA2DHBGO9eTrrksUTKSOD0Par+n/EnVdMRVsZYgp
 HIK9u9KwEvjn4eTeF9UY2Jie3HI+bJFc6b6eMkt909j2rsrTxpYa7bGHWYpXlc8Ord/yrOu/B8
 gEjQul3Ao6RjLL9cGhaAcu0skr7mK8HtTjEAcMMk881Zm0l7JXxg7uQBywqqzysygDBPr1qgHS
 WqzANL6UunXjWBOxWKsaZcggbu4HSlindrf5ANxNIDqblPteiWrESNC2fujJ7Vd0bRY7KLfZsw
 WYZYSdT2/pWJ4Q8ST211b2krIYj8pBFdd4k024ht0nsdpjA4AHNAHO6npkSs2SwPase6ieJcSY
 denB+atGbWykgF9G2cHviqGqMxiWW0GFyCSRnFAFeSN4yGiLE9we1QXYEhzMo+bnAqaC9YzbpS
 GY8CoL/ACwDQ80AV1mxdJwQq9h1qd71WHU/QdqgDO0gJAyevFE4WI8dW60AafhzUHt5v3ZAzxV
 zXNFku/38Odg9KwbK4ELA4z+NddourgQKJsMv92gCr4Y8Qy6VGUmkdLcDjn5/8a6vS5tM8SWTG
 3kkaZeP3xIyfxrmPEuk/ZXF9akGCY/LHj7tZy38tvcxSwnYw7DpQB0viLwrIigwhcHqAeKxDpb
 mcgJtKjOfStXRPHgjlEeuAzZ6bf4elajX+navE4gZIyQcFmxQBxd5ZPG+9iuDxmqitHGR5oO09
 M+tdDqmjNsDl90YPBHSsJ4N7uH7dOOtMByxj+EkE/d5qwYGkUNu+VetUgxVz6gVNAryx7Y84J5
 PpSAeZWjG8A/Lg1sabqn2hF8wnniqPkK6qk/z/TilaEWo/cgqKANPSbRba8zM6MXGDzVPxHYPP
 OzOOVPy471R03XmSRXlQEHv6VstqaakgJKhh0X1oA5jBjYrP8uTkA9TQ0qoxLHqPyrQ1+z6TMu
 104x65/8A1ViSsVc5GdwoAseWbkDyQWC01QVvS+5WGcbe9OguTFZqIjhxnPHWnWTCO6LyKjPnp
 QBDfs4n3sMc8Y7VPBKWT922498U7X0RCjRnJmALKP4aq2rtA/ycBu5HXFAGkYg0GT8rY5J5qIw
 5jyMORxU28zwAou5jxj1pnktAzCUlT1xQBHFP/Z8wdpNsg6ccj8a6jQPFNjqdqbfxJbvPM/yxT
 E/LF9c1zsNsJ1U3EYIP8VPe1iicCORsnnHTBoAtat4ZmS92Wn79WBK7aw0ia3uXW4jdChxkjvW
 /Z+KLjTZFd4hKwyAc44qy+nwazpxEOPNdvMdx1UdTQBzbAbSNyqGPf+lWvDPiW58IXDtZzOIpR
 iVVON4qS/0ePcG04/aYV4Z8YwaoPGJrgq2AqnAPY0AdVdwweJLX7XoxSKfbnyRwzn61zGooyMz
 sreYpwQTyn+P/ANap9NvX0S4DQtzu7dhW/rel2viWzWfRiPtCL88a/wAfuaAOQEvyDepIOOamt
 bFJZWKzrH7Gpk02QRBLgYYHkDtSTaf5LBgM7u1AEVxbS2aiSNfmxw3St7RfiTLFZi2vUe4VRt4
 4xWJDczTzoLoFgvO096bMomlkaJfI5ztFAG7Jqdlrcm2WNYHA+82CKidbiCAoVLWzfKoHOawo1
 dyGO4bQcc9frWppOvSwQLDcDzQSOvbmgCjcWBQsqDYwOTmo44BdAZfGOeuK1NYdZLjzCdu8dAK
 zpLYQt+6OKAK88ciXREQ3AY5/Ckmt3dlMoznPSrMU2zJxgD2zSSRmX5kYgdiO9AFWO3KSDgqMj
 rXQ6fYuUAjG3HO7rWRawNeSDLYKnHPeunVG0bR4ruTnc20g96AHxn7ZbNA7qzgcVzup2s2mzOl
 0CAT8jYzvrb1TxpZ3tgr6fBFFL/EUqpp+pJqpxeqJAPulucfSgDDfcjgxAqSPmB60xXXlZFBPX
 pV2+tms5W2oTnpk1nht0uZCAfTFAG9oOvCJBb6jueJj8qj+Grer6XFCqvHMvHTAzmuajlMUmWH
 znoKvQ6tLDEPtKeZnsT0oAkaBVLGX7x54qOG6NvkEEA/rV2dYLi08y3fMhH3e4rMRmkDLOMkHg
 9KALcN7vXI4Iq9ZyG5jw7An1rFuWMWMAopxTzqMkIxZAuOpINAD7ZAcg9F6VqaXdRFgpX5h92s
 PzRbfKQdvr61c0+4MjDyxsYHkkUAdA2lvdQ+ZcDIPGOuawNY0wWNywjwVbocdK2E1ubTF+T5gw
 5yM1Lc2kOqaX5kXMxG4nPT8KAOSUSKu5VGM03aZmRo22k9Tird26Fgp+6hwcVAZfNmCnBVumKA
 Jp7N71FDcuOI8d6pJlLlt+d44PoK0dTZLKCI2HmCZQCd33c+1R6iqXKpJBu34+bPQGmBNpzNDb
 gH7zHjPapLiXMhEvzMRwarQXG+ILcfMP7w7VZjdHj+QgMOmaQCRF7AsVBZO2am2G5t2kIAJ9O1
 V2vzM21l+UU9Cjj5M8eh4NAAIXjUeRl8/pUa6k1hGFtWyG6n+lWYX25Y8dsUs9t5tkVkK7Tz7+
 tAE9l4hAj8q/RUf+Db0P1qZ/DUWrTO0paK9cfLGg+Qn61zc0SeYc53DgVr+HNfk0u623LgwSDa
 xHLY9QaYFa80a60G58vU1VmbqF5AFWdC1k6PqaTW6qyEbSD+FdRJd2s8IikZJbO46MTmRB7nr2
 /WsrxD4QjtohLo+9kHXPb0pAd6uh6Lrekm6hkkQSRgNtQfK/p+dc1f/AAsuGUnSWSVScgynbis
 HQfGFxpkiRKw8tRyD0z/nNWPFHji/1lFihkCxKMAocUAaNt8NNSt3bzYrYsnT5xTLvwZYQTIuq
 zlLh/vqigqPxrk/7QuIwRHcXG4jnMpP9ary3kzhvtUkrSH7p3E0AdXqPgvT1vI47K4kfcCcYAx
 0/wAar2ngu2uWZIJX3pnjHFc3DqUikfPIGHU5PFb2ka3PDe7dPZGGzGW7/wCc0AX7LRLSzcxb3
 eXrhhxVG78JeVcAbvvcVfEgudqaoyrOrbiV9Pwpmo311pMnmWmySH3w1AGRrXh6TRfLMq8yfcH
 GPxqxZ6fpmnmNddmljlk5+RQRx/8ArqO51ptT3vMwWU9iOF/CsOZHnkIkYu3YnmgDo7qPTtPsz
 cWTu5LcAr1ycVl6p4hk1BRbsCEXkCqEGqz20wEWGEZGAeRxVy+vRqV2JpUVJiACQMAUAZ0+mva
 Nuuz88hwAOmaktbt7C4Ubc8jvW5rGkp/YUEsRM0nLSf7PFYogSWEF/lJ6CgDWcjXyuMhwOAO9Y
 09hLbSyKy9+pqzpM9xo90Jrco2OMMM5ropr2PxBYGK7VVXBbIXG4jnrQByUI8xSADs6HPWpPLI
 jGxssvr3pxQmcqx+VGwFHenJIgOF5oAW0jZB5nQnnH6Usnzjrg0rW2/8AeISD1x2pWR5VySNo6
 0AQBX2EzHIXpSQJ5kjOOFpLgrtIiLFvWi2Y3CFYuoNAEt4myTBBQ46Gq6OyHKjGTzSyyyXUm+/
 cnHc0+PY42RtuDcDigDS03UzdQlHGWHFSw3/2CX99lo+hA64NUorOeyG9FJA68VJFaLqNu0hkI
 lXkgelAF3VtEjvNMF1pKOctyPTFc/bwtGVeMfMRzW54f119M8yJ2IjlGzk9B/k1p6f4fsmi2xX
 sUmeP88U7gYV5Et3aQlWCsox+NR2eUnWG7bdvrZ1TRY7FXjuQsatzHJ7VkyeXbxnz38xl6NmkB
 FfiXR3MDKQjHI9xUMV0ijMnNdBZWbeJbUcCSZU+U454rFu/DF7byNJcW0qxqeeOtAE0EcbI+4n
 ax49qnKNY7CCG46Vjw3DRHO1gtaNrqPnBRKu1R0Y80AXYDHPAzlPmzzTWG2Evn8KafMMWIsFfa
 mKxcAyjAHbNAFSeRJpOBg0xrXykVjyp6VLqFv5bAqwTI6dal02ZZ5VjuMNGentQBJZxXFtFuUZ
 DcitDSPFrwOYrkFkfj6Vl30l7p87RpKRDn92eoIqG31gRxk3qMzqRnmgC/wCJtIa2uzLYfMjgE
 j2rNs70woyIMjPLHtW7Y3y38gkUnGBke1R6p4dS/mNxobeZgfvIVH3Pf3oAz7W3EmGzgrSSRqs
 zF13+4/hqOOLdGSrk5HO0d6WCUxYaUMYhw4HegCM6TLcyZtkd0wckd6jtZZbPiI+aqnlem2tTS
 tXNvcbYZyiSA4QcdMf41Y8Taf8A2dZieGMR7sAkc7s8H+dAGVJqTT3AKtjIxtrStNVy/kyLuUj
 1rAlhG4NtKqOc/wB+l+2SpP8AcKMn3s07gdJdeHPtLRS2zpCrcsD171laro72bGSFWZRwzHpQd
 Ue8hTDEMg5xU0N7Pcx7GVpIf4lzSAwlk2yAoevUDpWpa2hvYeTg0mo2UM8w8lPs4HUDvRpsFz9
 oYW6NKB07U0BbjvptGhkgJDRMu01VLRyyIYQSgA3HstVdVMiSlZyxbPKiksbyS1hdWUmKQ5K0g
 Jpt8UgAw69iKn0/UyJdrdOmKIPIvW/cyLEqj7p4zUEUIEr+blHXJBx1oAk1O28q6VoSFVhk1Gb
 ZQ25TzUlvcfakIucKAcAnqaWK1cyFkQlB70AJvJdNq5I4+tBcbCnCjv71LIVcAowVhxj0qO2t9
 zkXHKt0bsKAIpbPIHlKWUjk06wgaNiqIBzViF/kKKwBHA9aguI5oX3REk9jTQErWypGPOGc/pT
 LTy47gMFyob5fetB7EmcG3G6N8hSTjNWRpgsws/y7ouWB70gKd5dGSRcfKnIPHFXrHSYL61e4k
 fyVVcYA61lC7OrxurAKxbIHtUtxfC2sTDA/A49KAEazRmkEw+TqG9as+H7YSTeXbvu7ccYrIt7
 qRdobPLc59K6jw9pf2KUXcJBVjuI/z9aALF88MsJh1AiRoPl54Iqt5GmXUG3ABx1x0/WneMbGf
 TryO8VB5d2N6qfTJHP5VBoNtFqUb/b28uU/d2d6AJLPV4dGtP8AQyokHGKgu/Fwu9wlPXgj0pm
 paSmnOxmYEdu5rOht2knZ4FX3oAimiju3AtlAznrVWSAW7OC2HQ/d7VdNjLaMjurbSeMCs+4WS
 41BjyEB5zQBcgnk2ARnJbqKZcydmZt3fFVxB+9DRkjHfNWLh/KKGTp/6FQBGLg3C5PzFeBTLeT
 5yEzlB0p1zb7wGtzt9RTNhWVQOHPWgDc0iUajbPbTgM5GE9aydTtPKk8sKcDrk9adZX5+0FLcF
 ZM/K1dPpmgReJLR2nOyZDhQT1z60AYWgXYtrvy5cFXBXA9+OtGpLceH9YIsZ3BwGI4+YHsaNR0
 99C1ERTFTMjBgE6YyO9S+IoDqHlag5++RGPfGKALelpb+IbtA+Ldk+ZkXofxqHxFpn2Vpv7OXd
 GOW56Vk3GpCBQB8pB429a0bHXN8kX2gKY1ILju1AGakfmFfJXLN0/z+VdZYQG503yda5xyPp/8
 AqqXw2LKJJvsqbjIdwDL936Viarq8u9nhA8sNg88/TFAGrdeFbeWBHscSL/AM9DWRqnhObyS7K
 UYdfetHwkx1Gdnm3rECAB6Vu674psYbIRxeZuHBJHWgDzZw2nybQMluDVnT9T2PsJK56Ve1OS1
 vJ/OhOfXjpWVdWctu/mJhgTxQBeYrOS0xAxTojJHKHspCQ3GPSqaXCTuqpnf+lTQIJ5XRXwy0A
 aN7YxzWzT3I/fSHp6VnS2LI8Yt13kj5ucAU17me4hYbvkHXJ5qvJfDMYDNlevqeaAJTAVJGBuH
 PFSWuoMN32iNWUgjOelVo5vNUvg8HGKVollOIG4HNAGhb6dHewhrVy8gPK4qaFTZZRssT1GKzL
 Wd7C5zDlS1a9rq5vU2uFAIznuaAK93po2GSIEjqefu1C8QZApc+uBxWnbQpeyCG1OB1cnjmi5s
 UuTlxgpTQFBAYCWEQbjrmmsHvDypH0qYqYGPlk56DPSnWFuz3BN2MCkB0niGK10bw/ExCyMxwh
 VskH8K5O98SPfWixqPmAxkjBNEkkz2iQSzgqn3U54rPm4RkY4YEfhQBd0gPBMGnwc8fSpvElpF
 BIGU5Y4Ix0qjcanIkKBG57VGzPdIHvF3P9aAHpGtymc4Ira0fU5YYUG7KA5P0rAEgjOFjfHtVq
 zndD8ilFkGKAPTri4h1fRrWDVAojmjwjdwPY/XNcJK6aTfubdjhDgc9a19PnbUYLW2upsRJ8o6
 1S8WeH1sryKJ2AeRSUb1oApTXTXpaQMWJGcdal8PSf6UTcj5WOKz5YW0zgTKZG44Bq4THLpSqj
 7LhWJdsdfSgDo9e16OGFba0ji3pwZCBzXOoYZp2N2u0Mecd6Zp12cIbkfIBzTbwRG53W4wp5oA
 beWVmgY2ZYeuTVC4SWFAzjdGO5qwsHmK28jaTVi1vhaR+XfRGeJhtVR69jz6dfwpgZEcrPcAp9
 2pl2IzMxLuRwamfSJZCXtnRhnLgcFR6VWc7J9mNpbtikAW9w0MheQj5ea3NG1Y2sPmWhCvjuf5
 Vk7UadY48RseW960rDS11C3b7EMzL3oAt6hpn9pZu4GzGq7djH5g2PzpPDsMV/Y3Fveg/uVZl+
 vNJYRy2KhXfcB972q5aRw310/2eZLbcuCWHX8qaA4yTeT845B4qaEqjZlVtzflV+80qY31z/Z8
 T3ENqMs8ZAAGcd6zoZMncEwH6H0pAdDpusLZQ7Rjc3ApkFoZJHmY4iAPXpms8R7oh/Gc5HtXQa
 ALbUtGMN6ApPHrzQA/TvEdsdOWD92rRk8gcmud8QXkl1cZzlfapr3QP7NujGjfKTlSKzr2Jmdg
 x/wBX096AIkn8ucBQQjdat/bWMLZKOOnOOKzdjL0PBoiXe2Cu7vQBpxC0KAyK2488Hiql3Lskb
 aDtbpjrV+3tlubYC2TExGBVe+tJNOAF4PmHNAFO0meGR1bI9jU0iK23zcbsdagWYO+xOH7mrkM
 WYcNgkUAQwKGA4JC5pzyFmPlEADt61asYIgSJWA3dOKv6zosFpdxPaBGVlG445BwKAMwuWADAb
 qs6eI/3hl++Pu1cj8NFyrRncAdxb0psElpY37NMhljD4YKepoAsWmm/aIjKknlsvUnoalhtHLc
 biueucA1Uu9UMs8wt4SsOfkUnkCrOmXcotj9rkV0HSLnmgDoD4JSXSzPNNFJhdwCkZX9a5+K9g
 D+XPgDdjNTpez6ZZywwPskcZbk/KK5qZ2llPmvvYnrQATr8zE5DN1zxRbou7951anhZNYuUVFw
 7dvSp59IltXdZ1IZKAGvpLNGfLAfufaqDCSKUEkgdMkVd07VWs7oGXLL0x60+7ePUjyCpByMUA
 V3bBGxsk1ZikV4gAMkHOKpzW5SUmN849qjjnlil3KODxj0oA6KykW7tyJW8pk4BFdxrGhwax4T
 S5JWWaEBEY9QDn/CvNrPUfJmBcZDHLV0s2vsfDMwt2ZYy4z7cGgDHv9NKyjfD+8bgYFUNRtTps
 4S6HlkjIBPU/wCcVeN86xKZmJlyMc5p/ifU5L/RYVmto9wJUyZ5oAy01DfbqZV2xnoKbfX6NEv
 2ZcHHWmPLFJYQx2ZLTL1U1EIJA+2bAJ6Y5oAIboyDb0PU1c8xLkBJLna4Hy445x06VAbZbdcyZ
 3elNBXeCRjnOaAG2808N5syYmJ7fx+5q7tW5QCZQso/iqsULT7rXLr6k4xVi0dX+9kmgBlxpbI
 7SxqZAoGWz0p+i3txZ3AezJAHXjrWlZ26mFyzEnPC+vStzTLO3vZ1M8Yjwp6Hr0oA5/xFqyrIg
 gQKrLlsdc96xpQZ5wySbu2DVnVYQ9/MJCSitxVOQFW4G1aAOm+H3iGPSbie1upBDBqCCKRugwO
 fwrI8VWsenazNHZtvs0fEb/3h6j171Elg02N65x6Gt200i18VwwwXcjQ3Fou2NQMiTvye3WgDn
 4riKEhkfKf3h6+9aFlGLeyS8eT5DIMoDnv3FXZ9I0iwhJFxJLMpwY2ACg1TvvISzMs77S5wEUc
 UAW9dH9qW6y6ZKBgcgdawoNOu7iWMmNiWOMDtT4Jxb5e1bKuMEHsfWpNM1ZrG4WWFmct0BHSgC
 prWivp0u193mMeR6VHa2jmQbVH0zV3WNRkv5mkn5YnjFRJGBMjRMScdKANvR7OO1u4pS+SGGV6
 8d61/GnhSHUYReQyqsZXiPI64rK0S5hRNzfePXvWr5w1KIwwucAccUAefW1q8kqiT+WK0RpdzF
 FuEbFT0bHBqxrFj/Z87LjDZ/Km2ctw7Kgk3KO3SgDPQPuHmqNynv2rRs7hrhjDIcDqD6VPeafD
 fWbbCUnUjav8AeHfn8qsaL4bl2pLcYWJT85PYdzQBq6dfjRtKX7QnmC4JQH07f1rIl0SztbsSr
 coQnJQHqaseJ7mBVT7PIXtDwrYwQ3esOO4RrxvLZmjI+90P5UAXrm881T9lHOeAOareXPH+8BK
 OB19Kb9rFpcq0ILDPc8mp7m+S6k3fdKj7vWgB8Gtj7Oq3AZ3fCs7DmorqxQTbl+oAqJJlu4gJM
 KwIxT3kNq+HG5/7o7D1zTA7Pwpd6NBrk5vQwMv3Pl+7UnjAwwXX7tFe3l5UjBbHvXP3GnCOxhu
 o2IL1G+qPcFYXcknoT/n2pbgVZtGFxZvNbH5VOBk+vt+FZ8lrPakrcqyHGcEYzWidWS3lCxAlV
 PUdDWxf6pa6nLH/AGlH99QoI4wTwKbA45pHEirjk1asbxYZCsoDYH1rV17wyumSKVbeGG4Y6gV
 k/wBn7UdgCpPc0gLwaEwtLKMDtWhoNykVwHdd8JGCjDIrDkSW1g2zOhVhkVLo+puSVlKlccYoA
 6Dxf4PbSLRb21wto7DGW7ntj61mpKdXtxaOQvlfMCSBuJrqLfWIfEvhg2muKzQoN4CnBJHT9cV
 yU5hEjNbB0CHABPNAGTPafZriQONjqcZ6flUtqqB1SRmMr/dJzWlDaLrEUh1Qbnx+628ZNZE1s
 9nfctxEccjpQBO9tLcy7ZjwvfNQ31q9oee3A75qe2Yyzby5OKiutRMsjKQDg4FG4EVvEyfM5xn
 sD1q5bbzKHBAB9KrCJN4YMd3pV+wt8szRZUCnYDXsWSGPz7jGI+SMVVuvErXKEWuRk9QMYqXVy
 LXTUyRmRcmsSC4EAO8D2pAXxbmaIMR8w7+tVdRtkUAT9ew71as7wsF2nFGsKodDOMzHo/YU0rg
 ULe7j098qW545Gaki1FIbwzeYyzfwEdvyqkyGSfaw+bvRcQLayqyEnAyaQHR6gi6/pXnBER0IG
 FHzN15rnmlXyTGRuQHByeQau2GrS20G9OhO3H1//VWhf6RprXbXmnrMtuYsOjNk78DkfiDQBi2
 rpHIVQjb1otHPnBZAMAdRVUQiW6Bgyis2Buq29q2nXJjn/eDsycUAOLCG8yg9zkcVCzeVIZY+c
 enekN0LqYRSHAHA9aLMCOTy5BlTyPegCxa6ltkL2+ORzxjFWbTXpLSV3Y84+XFVJvLilKjgVFM
 pAyBxQBq6prEF7bQSzA+ZJ97jpVRGjDbUJAB+U+tUywlJUdE6VteHLK3kuoDqQZ0zyAcYFAG3f
 eVo+io90u2d13R/LyR35rm77VZNSmzC5SEj5hnH14/Otu+hv/FN3gTWywW4KRqQM4/OsUeFZp5
 miaVAc9R0oAaXWa0EUWCIjuA9PeqEMbCYM3G77oArbi8Gz2YDmeLc3ygev61X1CxnnuTE8TvPb
 9fKXigDMuIJFlBdtzHnAPSrEF0IwDCm5hw2VNRzxTWt0BeKVMnTIxj8KZ/ahtgY49uT7UAX7VH
 1K63oERVOTxiuu0ex0nS7L7chJkm+R1kwwyPQZrh4JJDwzbVbk4/OrNpefLsnyyg5UUAf/9k=
END:VCARD

